index.html
.nojekyll
lib/echarts.min.js
data/qualification.json
data/counties.json.bak_fill-2026-09-08
data/counties.json
data/china.json
data/drill_meta.js
data/provinces.json
data/geo/630100.json
data/geo/620100.json
data/geo/130500.json
data/geo/540200.json
data/geo/152900.json
data/geo/370300.json
data/geo/360300.json
data/geo/130900.json
data/geo/654200.json
data/geo/152500.json
data/geo/361100.json
data/geo/371100.json
data/geo/632500.json
data/geo/231000.json
data/geo/411100.json
data/geo/520600.json
data/geo/530600.json
data/geo/140100.json
data/geo/150100.json
data/geo/640500.json
data/geo/650500.json
data/geo/220200.json
data/geo/622900.json
data/geo/230200.json
data/geo/410300.json
data/geo/320400.json
data/geo/330400.json
data/geo/510500.json
data/geo/420000.json
data/geo/430000.json
data/geo/445100.json
data/geo/210100.json
data/geo/511700.json
data/geo/510900.json
data/geo/330800.json
data/geo/320800.json
data/geo/431200.json
data/geo/421200.json
data/geo/211300.json
data/geo/441600.json
data/geo/611000.json
data/geo/440800.json
data/geo/450800.json
data/geo/341200.json
data/geo/450400.json
data/geo/513300.json
data/geo/440400.json
data/geo/422800.json
data/geo/610200.json
data/geo/350000.json
data/geo/340000.json
data/geo/211100.json
data/geo/431000.json
data/geo/421000.json
data/geo/511500.json
data/geo/511900.json
data/geo/210300.json
data/geo/420200.json
data/geo/430200.json
data/geo/445300.json
data/geo/510700.json
data/geo/320600.json
data/geo/330600.json
data/geo/441800.json
data/geo/350200.json
data/geo/340200.json
data/geo/450600.json
data/geo/440600.json
data/geo/610000.json
data/geo/341000.json
data/geo/441400.json
data/geo/451400.json
data/geo/652300.json
data/geo/222400.json
data/geo/371300.json
data/geo/654000.json
data/geo/621100.json
data/geo/653100.json
data/geo/130700.json
data/geo/370100.json
data/geo/360100.json
data/geo/540000.json
data/geo/620300.json
data/geo/410100.json
data/geo/220000.json
data/geo/230000.json
data/geo/520400.json
data/geo/530400.json
data/geo/140300.json
data/geo/150300.json
data/geo/530800.json
data/geo/411300.json
data/geo/231200.json
data/geo/632700.json
data/geo/141100.json
data/geo/610800.json
data/geo/451000.json
data/geo/350600.json
data/geo/340600.json
data/geo/110000.json
data/geo/610400.json
data/geo/820000.json
data/geo/341800.json
data/geo/450200.json
data/geo/440200.json
data/geo/210700.json
data/geo/420600.json
data/geo/430600.json
data/geo/510300.json
data/geo/320200.json
data/geo/330200.json
data/geo/511100.json
data/geo/331000.json
data/geo/321000.json
data/geo/411700.json
data/geo/230800.json
data/geo/220800.json
data/geo/632300.json
data/geo/410900.json
data/geo/410500.json
data/geo/220400.json
data/geo/230400.json
data/geo/640300.json
data/geo/140700.json
data/geo/150700.json
data/geo/520000.json
data/geo/530000.json
data/geo/370500.json
data/geo/360500.json
data/geo/540400.json
data/geo/130300.json
data/geo/532800.json
data/geo/620700.json
data/geo/460100.json
data/geo/371700.json
data/geo/652700.json
data/geo/131100.json
data/geo/360900.json
data/geo/370900.json
data/geo/140500.json
data/geo/150500.json
data/geo/520200.json
data/geo/220600.json
data/geo/230600.json
data/geo/410700.json
data/geo/640100.json
data/geo/650100.json
data/geo/150900.json
data/geo/411500.json
data/geo/140900.json
data/geo/532600.json
data/geo/522600.json
data/geo/620900.json
data/geo/371500.json
data/geo/620500.json
data/geo/652900.json
data/geo/460300.json
data/geo/533400.json
data/geo/540600.json
data/geo/370700.json
data/geo/360700.json
data/geo/130100.json
data/geo/610600.json
data/geo/450000.json
data/geo/440000.json
data/geo/350400.json
data/geo/340400.json
data/geo/340800.json
data/geo/350800.json
data/geo/441200.json
data/geo/451200.json
data/geo/341600.json
data/geo/210900.json
data/geo/430800.json
data/geo/420800.json
data/geo/321200.json
data/geo/511300.json
data/geo/320000.json
data/geo/330000.json
data/geo/510100.json
data/geo/430400.json
data/geo/210500.json
data/geo/341300.json
data/geo/450900.json
data/geo/440900.json
data/geo/512000.json
data/geo/441700.json
data/geo/340100.json
data/geo/350100.json
data/geo/610300.json
data/geo/513200.json
data/geo/440500.json
data/geo/450500.json
data/geo/430100.json
data/geo/420100.json
data/geo/210000.json
data/geo/330500.json
data/geo/320500.json
data/geo/510400.json
data/geo/421300.json
data/geo/431300.json
data/geo/211200.json
data/geo/510800.json
data/geo/320900.json
data/geo/330900.json
data/geo/511600.json
data/geo/231100.json
data/geo/411000.json
data/geo/230300.json
data/geo/220300.json
data/geo/632800.json
data/geo/410200.json
data/geo/650400.json
data/geo/640400.json
data/geo/150000.json
data/geo/140000.json
data/geo/530700.json
data/geo/540300.json
data/geo/360200.json
data/geo/370200.json
data/geo/130400.json
data/geo/653200.json
data/geo/620000.json
data/geo/630000.json
data/geo/533100.json
data/geo/371000.json
data/geo/361000.json
data/geo/232700.json
data/geo/654300.json
data/geo/621200.json
data/geo/130800.json
data/geo/522300.json
data/geo/532300.json
data/geo/150200.json
data/geo/140200.json
data/geo/530500.json
data/geo/520500.json
data/geo/410000.json
data/geo/230100.json
data/geo/220100.json
data/geo/632600.json
data/geo/141000.json
data/geo/411200.json
data/geo/542500.json
data/geo/530900.json
data/geo/621000.json
data/geo/630200.json
data/geo/533300.json
data/geo/360000.json
data/geo/370000.json
data/geo/540100.json
data/geo/653000.json
data/geo/130600.json
data/geo/610100.json
data/geo/440700.json
data/geo/450700.json
data/geo/340300.json
data/geo/350300.json
data/geo/441500.json
data/geo/341100.json
data/geo/511400.json
data/geo/211000.json
data/geo/421100.json
data/geo/431100.json
data/geo/510600.json
data/geo/330700.json
data/geo/320700.json
data/geo/210200.json
data/geo/430300.json
data/geo/445200.json
data/geo/420300.json
data/geo/511800.json
data/geo/460000.json
data/geo/620600.json
data/geo/532900.json
data/geo/130200.json
data/geo/360400.json
data/geo/370400.json
data/geo/540500.json
assets/logo.png
data/__pycache__/enrich_counties.cpython-313.pyc
data/__pycache__/public_leading_enterprises.cpython-313.pyc
data/geo/120000.json
data/geo/130000.json
data/geo/131000.json
data/geo/140400.json
data/geo/140600.json
data/geo/140800.json
data/geo/150400.json
data/geo/150600.json
data/geo/150800.json
data/geo/152200.json
data/geo/210400.json
data/geo/210600.json
data/geo/210800.json
data/geo/211400.json
data/geo/220500.json
data/geo/220700.json
data/geo/230500.json
data/geo/230700.json
data/geo/230900.json
data/geo/310000.json
data/geo/320100.json
data/geo/320300.json
data/geo/321100.json
data/geo/321300.json
data/geo/330100.json
data/geo/330300.json
data/geo/331100.json
data/geo/340500.json
data/geo/340700.json
data/geo/341500.json
data/geo/341700.json
data/geo/350500.json
data/geo/350700.json
data/geo/350900.json
data/geo/360600.json
data/geo/360800.json
data/geo/370600.json
data/geo/370800.json
data/geo/371400.json
data/geo/371600.json
data/geo/410400.json
data/geo/410600.json
data/geo/410800.json
data/geo/411400.json
data/geo/411600.json
data/geo/420500.json
data/geo/420700.json
data/geo/420900.json
data/geo/430500.json
data/geo/430700.json
data/geo/430900.json
data/geo/433100.json
data/geo/440100.json
data/geo/440300.json
data/geo/441300.json
data/geo/450100.json
data/geo/450300.json
data/geo/451100.json
data/geo/451300.json
data/geo/460200.json
data/geo/500000.json
data/geo/510000.json
data/geo/511000.json
data/geo/513400.json
data/geo/520100.json
data/geo/520300.json
data/geo/522700.json
data/geo/530100.json
data/geo/530300.json
data/geo/532500.json
data/geo/610500.json
data/geo/610700.json
data/geo/610900.json
data/geo/620400.json
data/geo/620800.json
data/geo/623000.json
data/geo/632200.json
data/geo/640000.json
data/geo/640200.json
data/geo/650000.json
data/geo/650200.json
data/geo/652800.json
data/geo/810000.json
